command=npm run check
---

> tsugite@0.9.0 check
> npm run vendor:check && npm run build && npm run test:coverage


> tsugite@0.9.0 vendor:check
> node scripts/check-vendor-boundary.mjs

vendor boundary ok

> tsugite@0.9.0 build
> tsc -p tsconfig.json


> tsugite@0.9.0 test:coverage
> vitest run --exclude="apps/**" --coverage --coverage.include="src/**/*.{ts,mjs}" --coverage.thresholds.statements=80 --coverage.thresholds.branches=74.4 --coverage.thresholds.functions=80 --coverage.thresholds.lines=80 --maxWorkers=4

(node:93370) Warning: The 'NO_COLOR' env is ignored due to the 'FORCE_COLOR' env being set.
(Use `node --trace-warnings ...` to show where the warning was created)

 RUN  v4.1.10 [redacted-path]
      Coverage enabled with v8

(node:93371) Warning: The 'NO_COLOR' env is ignored due to the 'FORCE_COLOR' env being set.
(Use `node --trace-warnings ...` to show where the warning was created)
(node:93374) Warning: The 'NO_COLOR' env is ignored due to the 'FORCE_COLOR' env being set.
(Use `node --trace-warnings ...` to show where the warning was created)
(node:93372) Warning: The 'NO_COLOR' env is ignored due to the 'FORCE_COLOR' env being set.
(Use `node --trace-warnings ...` to show where the warning was created)
(node:93373) Warning: The 'NO_COLOR' env is ignored due to the 'FORCE_COLOR' env being set.
(Use `node --trace-warnings ...` to show where the warning was created)
(node:37443) Warning: The 'NO_COLOR' env is ignored due to the 'FORCE_COLOR' env being set.
(Use `node --trace-warnings ...` to show where the warning was created)
(node:43749) Warning: The 'NO_COLOR' env is ignored due to the 'FORCE_COLOR' env being set.
(Use `node --trace-warnings ...` to show where the warning was created)
(node:56362) Warning: The 'NO_COLOR' env is ignored due to the 'FORCE_COLOR' env being set.
(Use `node --trace-warnings ...` to show where the warning was created)
(node:78718) Warning: The 'NO_COLOR' env is ignored due to the 'FORCE_COLOR' env being set.
(Use `node --trace-warnings ...` to show where the warning was created)
(node:85030) Warning: The 'NO_COLOR' env is ignored due to the 'FORCE_COLOR' env being set.
(Use `node --trace-warnings ...` to show where the warning was created)
(node:86178) Warning: The 'NO_COLOR' env is ignored due to the 'FORCE_COLOR' env being set.
(Use `node --trace-warnings ...` to show where the warning was created)
{"ok":true,"action":"record-command","detail":{"output_digest":"8d737d9f46261ca5128d951ef7be84b51caedbd5760cd1392fa506f3f9857420"}}
{"ok":true,"action":"write-report","detail":{"digest":"494537860d3c2a00f1f0c61ec6c10d9dc90a88f57e71a8bc05279f45fd17b284","canonical_digest":"494537860d3c2a00f1f0c61ec6c10d9dc90a88f57e71a8bc05279f45fd17b284","go_no_go":"NO-GO"}}
{"ok":true,"action":"validate-report","detail":{"ok":true,"digest":"494537860d3c2a00f1f0c61ec6c10d9dc90a88f57e71a8bc05279f45fd17b284","canonical_digest":"494537860d3c2a00f1f0c61ec6c10d9dc90a88f57e71a8bc05279f45fd17b284"}}
{"ok":false,"action":"record-command","error":"record-command requires --id --command --exit-code --output-file"}
{"ok":false,"action":"not-a-command","error":"usage: record-command | ingest-browser | record-coverage | write-report | validate-report"}
{"ok":true,"action":"record-coverage","detail":{"statements":82.7,"branches":74.45,"functions":89.7,"lines":85.4}}
{"ok":false,"action":"record-coverage","error":"record-coverage requires --statements --branches --functions --lines"}
{"ok":false,"action":"ingest-browser","error":"ingest-browser requires --from <runtime-dir>"}
{"ok":true,"action":"ingest-browser","detail":{"output_digest":"bed40226b171a6f96f0b2f4186258a99b8c3663701e460c3d1bdddce311fe9e1","artifact_count":2}}
{"ok":true,"action":"write-report","detail":{"digest":"369a8bad9a9a5e14d2d3cbb1d545155bed1ab26cf07455d37204905b9fc0ac5e","canonical_digest":"369a8bad9a9a5e14d2d3cbb1d545155bed1ab26cf07455d37204905b9fc0ac5e","go_no_go":"NO-GO"}}
(node:86248) Warning: The 'NO_COLOR' env is ignored due to the 'FORCE_COLOR' env being set.
(Use `node --trace-warnings ...` to show where the warning was created)
(node:87823) Warning: The 'NO_COLOR' env is ignored due to the 'FORCE_COLOR' env being set.
(Use `node --trace-warnings ...` to show where the warning was created)
(node:88483) Warning: The 'NO_COLOR' env is ignored due to the 'FORCE_COLOR' env being set.
(Use `node --trace-warnings ...` to show where the warning was created)
(node:88491) Warning: The 'NO_COLOR' env is ignored due to the 'FORCE_COLOR' env being set.
(Use `node --trace-warnings ...` to show where the warning was created)
(node:88791) Warning: The 'NO_COLOR' env is ignored due to the 'FORCE_COLOR' env being set.
(Use `node --trace-warnings ...` to show where the warning was created)
(node:88898) Warning: The 'NO_COLOR' env is ignored due to the 'FORCE_COLOR' env being set.
(Use `node --trace-warnings ...` to show where the warning was created)
(node:88917) Warning: The 'NO_COLOR' env is ignored due to the 'FORCE_COLOR' env being set.
(Use `node --trace-warnings ...` to show where the warning was created)
(node:88919) Warning: The 'NO_COLOR' env is ignored due to the 'FORCE_COLOR' env being set.
(Use `node --trace-warnings ...` to show where the warning was created)
(node:89420) Warning: The 'NO_COLOR' env is ignored due to the 'FORCE_COLOR' env being set.
(Use `node --trace-warnings ...` to show where the warning was created)
(node:89458) Warning: The 'NO_COLOR' env is ignored due to the 'FORCE_COLOR' env being set.
(Use `node --trace-warnings ...` to show where the warning was created)
(node:89769) Warning: The 'NO_COLOR' env is ignored due to the 'FORCE_COLOR' env being set.
(Use `node --trace-warnings ...` to show where the warning was created)
(node:89815) Warning: The 'NO_COLOR' env is ignored due to the 'FORCE_COLOR' env being set.
(Use `node --trace-warnings ...` to show where the warning was created)
(node:91251) Warning: The 'NO_COLOR' env is ignored due to the 'FORCE_COLOR' env being set.
(Use `node --trace-warnings ...` to show where the warning was created)
(node:91417) Warning: The 'NO_COLOR' env is ignored due to the 'FORCE_COLOR' env being set.
(Use `node --trace-warnings ...` to show where the warning was created)
(node:91533) Warning: The 'NO_COLOR' env is ignored due to the 'FORCE_COLOR' env being set.
(Use `node --trace-warnings ...` to show where the warning was created)
(node:91577) Warning: The 'NO_COLOR' env is ignored due to the 'FORCE_COLOR' env being set.
(Use `node --trace-warnings ...` to show where the warning was created)
(node:91583) Warning: The 'NO_COLOR' env is ignored due to the 'FORCE_COLOR' env being set.
(Use `node --trace-warnings ...` to show where the warning was created)
(node:91604) Warning: The 'NO_COLOR' env is ignored due to the 'FORCE_COLOR' env being set.
(Use `node --trace-warnings ...` to show where the warning was created)
(node:91635) Warning: The 'NO_COLOR' env is ignored due to the 'FORCE_COLOR' env being set.
(Use `node --trace-warnings ...` to show where the warning was created)
(node:91656) Warning: The 'NO_COLOR' env is ignored due to the 'FORCE_COLOR' env being set.
(Use `node --trace-warnings ...` to show where the warning was created)
(node:91820) Warning: The 'NO_COLOR' env is ignored due to the 'FORCE_COLOR' env being set.
(Use `node --trace-warnings ...` to show where the warning was created)
(node:92399) Warning: The 'NO_COLOR' env is ignored due to the 'FORCE_COLOR' env being set.
(Use `node --trace-warnings ...` to show where the warning was created)
(node:92442) Warning: The 'NO_COLOR' env is ignored due to the 'FORCE_COLOR' env being set.
(Use `node --trace-warnings ...` to show where the warning was created)
(node:92471) Warning: The 'NO_COLOR' env is ignored due to the 'FORCE_COLOR' env being set.
(Use `node --trace-warnings ...` to show where the warning was created)
(node:92550) Warning: The 'NO_COLOR' env is ignored due to the 'FORCE_COLOR' env being set.
(Use `node --trace-warnings ...` to show where the warning was created)
(node:93189) Warning: The 'NO_COLOR' env is ignored due to the 'FORCE_COLOR' env being set.
(Use `node --trace-warnings ...` to show where the warning was created)
(node:93439) Warning: The 'NO_COLOR' env is ignored due to the 'FORCE_COLOR' env being set.
(Use `node --trace-warnings ...` to show where the warning was created)
(node:93466) Warning: The 'NO_COLOR' env is ignored due to the 'FORCE_COLOR' env being set.
(Use `node --trace-warnings ...` to show where the warning was created)
(node:93492) Warning: The 'NO_COLOR' env is ignored due to the 'FORCE_COLOR' env being set.
(Use `node --trace-warnings ...` to show where the warning was created)
(node:93494) Warning: The 'NO_COLOR' env is ignored due to the 'FORCE_COLOR' env being set.
(Use `node --trace-warnings ...` to show where the warning was created)
(node:93615) Warning: The 'NO_COLOR' env is ignored due to the 'FORCE_COLOR' env being set.
(Use `node --trace-warnings ...` to show where the warning was created)
(node:93656) Warning: The 'NO_COLOR' env is ignored due to the 'FORCE_COLOR' env being set.
(Use `node --trace-warnings ...` to show where the warning was created)
(node:93657) Warning: The 'NO_COLOR' env is ignored due to the 'FORCE_COLOR' env being set.
(Use `node --trace-warnings ...` to show where the warning was created)
(node:93659) Warning: The 'NO_COLOR' env is ignored due to the 'FORCE_COLOR' env being set.
(Use `node --trace-warnings ...` to show where the warning was created)
(node:93660) Warning: The 'NO_COLOR' env is ignored due to the 'FORCE_COLOR' env being set.
(Use `node --trace-warnings ...` to show where the warning was created)
(node:93662) Warning: The 'NO_COLOR' env is ignored due to the 'FORCE_COLOR' env being set.
(Use `node --trace-warnings ...` to show where the warning was created)
(node:93661) Warning: The 'NO_COLOR' env is ignored due to the 'FORCE_COLOR' env being set.
(Use `node --trace-warnings ...` to show where the warning was created)
(node:93674) Warning: The 'NO_COLOR' env is ignored due to the 'FORCE_COLOR' env being set.
(Use `node --trace-warnings ...` to show where the warning was created)
(node:93796) Warning: The 'NO_COLOR' env is ignored due to the 'FORCE_COLOR' env being set.
(Use `node --trace-warnings ...` to show where the warning was created)
(node:93797) Warning: The 'NO_COLOR' env is ignored due to the 'FORCE_COLOR' env being set.
(Use `node --trace-warnings ...` to show where the warning was created)
(node:93798) Warning: The 'NO_COLOR' env is ignored due to the 'FORCE_COLOR' env being set.
(Use `node --trace-warnings ...` to show where the warning was created)
(node:93800) Warning: The 'NO_COLOR' env is ignored due to the 'FORCE_COLOR' env being set.
(Use `node --trace-warnings ...` to show where the warning was created)
(node:93806) Warning: The 'NO_COLOR' env is ignored due to the 'FORCE_COLOR' env being set.
(Use `node --trace-warnings ...` to show where the warning was created)
(node:93808) Warning: The 'NO_COLOR' env is ignored due to the 'FORCE_COLOR' env being set.
(Use `node --trace-warnings ...` to show where the warning was created)
(node:93812) Warning: The 'NO_COLOR' env is ignored due to the 'FORCE_COLOR' env being set.
(Use `node --trace-warnings ...` to show where the warning was created)
(node:93814) Warning: The 'NO_COLOR' env is ignored due to the 'FORCE_COLOR' env being set.
(Use `node --trace-warnings ...` to show where the warning was created)
(node:93821) Warning: The 'NO_COLOR' env is ignored due to the 'FORCE_COLOR' env being set.
(Use `node --trace-warnings ...` to show where the warning was created)
(node:93862) Warning: The 'NO_COLOR' env is ignored due to the 'FORCE_COLOR' env being set.
(Use `node --trace-warnings ...` to show where the warning was created)
(node:93904) Warning: The 'NO_COLOR' env is ignored due to the 'FORCE_COLOR' env being set.
(Use `node --trace-warnings ...` to show where the warning was created)
(node:93905) Warning: The 'NO_COLOR' env is ignored due to the 'FORCE_COLOR' env being set.
(Use `node --trace-warnings ...` to show where the warning was created)
(node:93906) Warning: The 'NO_COLOR' env is ignored due to the 'FORCE_COLOR' env being set.
(Use `node --trace-warnings ...` to show where the warning was created)
(node:93907) Warning: The 'NO_COLOR' env is ignored due to the 'FORCE_COLOR' env being set.
(Use `node --trace-warnings ...` to show where the warning was created)
(node:93908) Warning: The 'NO_COLOR' env is ignored due to the 'FORCE_COLOR' env being set.
(Use `node --trace-warnings ...` to show where the warning was created)
(node:93909) Warning: The 'NO_COLOR' env is ignored due to the 'FORCE_COLOR' env being set.
(Use `node --trace-warnings ...` to show where the warning was created)
(node:93910) Warning: The 'NO_COLOR' env is ignored due to the 'FORCE_COLOR' env being set.
(Use `node --trace-warnings ...` to show where the warning was created)
(node:93911) Warning: The 'NO_COLOR' env is ignored due to the 'FORCE_COLOR' env being set.
(Use `node --trace-warnings ...` to show where the warning was created)
(node:93912) Warning: The 'NO_COLOR' env is ignored due to the 'FORCE_COLOR' env being set.
(Use `node --trace-warnings ...` to show where the warning was created)
(node:93913) Warning: The 'NO_COLOR' env is ignored due to the 'FORCE_COLOR' env being set.
(Use `node --trace-warnings ...` to show where the warning was created)
(node:93914) Warning: The 'NO_COLOR' env is ignored due to the 'FORCE_COLOR' env being set.
(Use `node --trace-warnings ...` to show where the warning was created)
(node:93915) Warning: The 'NO_COLOR' env is ignored due to the 'FORCE_COLOR' env being set.
(Use `node --trace-warnings ...` to show where the warning was created)
(node:93980) Warning: The 'NO_COLOR' env is ignored due to the 'FORCE_COLOR' env being set.
(Use `node --trace-warnings ...` to show where the warning was created)
(node:94012) Warning: The 'NO_COLOR' env is ignored due to the 'FORCE_COLOR' env being set.
(Use `node --trace-warnings ...` to show where the warning was created)
(node:94013) Warning: The 'NO_COLOR' env is ignored due to the 'FORCE_COLOR' env being set.
(Use `node --trace-warnings ...` to show where the warning was created)
(node:94014) Warning: The 'NO_COLOR' env is ignored due to the 'FORCE_COLOR' env being set.
(Use `node --trace-warnings ...` to show where the warning was created)
(node:94015) Warning: The 'NO_COLOR' env is ignored due to the 'FORCE_COLOR' env being set.
(Use `node --trace-warnings ...` to show where the warning was created)
(node:94018) Warning: The 'NO_COLOR' env is ignored due to the 'FORCE_COLOR' env being set.
(Use `node --trace-warnings ...` to show where the warning was created)
(node:94019) Warning: The 'NO_COLOR' env is ignored due to the 'FORCE_COLOR' env being set.
(Use `node --trace-warnings ...` to show where the warning was created)
(node:94023) Warning: The 'NO_COLOR' env is ignored due to the 'FORCE_COLOR' env being set.
(Use `node --trace-warnings ...` to show where the warning was created)
(node:94024) Warning: The 'NO_COLOR' env is ignored due to the 'FORCE_COLOR' env being set.
(Use `node --trace-warnings ...` to show where the warning was created)
(node:94025) Warning: The 'NO_COLOR' env is ignored due to the 'FORCE_COLOR' env being set.
(Use `node --trace-warnings ...` to show where the warning was created)
(node:94026) Warning: The 'NO_COLOR' env is ignored due to the 'FORCE_COLOR' env being set.
(Use `node --trace-warnings ...` to show where the warning was created)
(node:94027) Warning: The 'NO_COLOR' env is ignored due to the 'FORCE_COLOR' env being set.
(Use `node --trace-warnings ...` to show where the warning was created)
(node:94028) Warning: The 'NO_COLOR' env is ignored due to the 'FORCE_COLOR' env being set.
(Use `node --trace-warnings ...` to show where the warning was created)
(node:94029) Warning: The 'NO_COLOR' env is ignored due to the 'FORCE_COLOR' env being set.
(Use `node --trace-warnings ...` to show where the warning was created)
(node:94030) Warning: The 'NO_COLOR' env is ignored due to the 'FORCE_COLOR' env being set.
(Use `node --trace-warnings ...` to show where the warning was created)
(node:94032) Warning: The 'NO_COLOR' env is ignored due to the 'FORCE_COLOR' env being set.
(Use `node --trace-warnings ...` to show where the warning was created)
(node:94033) Warning: The 'NO_COLOR' env is ignored due to the 'FORCE_COLOR' env being set.
(Use `node --trace-warnings ...` to show where the warning was created)
(node:94034) Warning: The 'NO_COLOR' env is ignored due to the 'FORCE_COLOR' env being set.
(Use `node --trace-warnings ...` to show where the warning was created)
(node:94035) Warning: The 'NO_COLOR' env is ignored due to the 'FORCE_COLOR' env being set.
(Use `node --trace-warnings ...` to show where the warning was created)
(node:94036) Warning: The 'NO_COLOR' env is ignored due to the 'FORCE_COLOR' env being set.
(Use `node --trace-warnings ...` to show where the warning was created)
(node:94037) Warning: The 'NO_COLOR' env is ignored due to the 'FORCE_COLOR' env being set.
(Use `node --trace-warnings ...` to show where the warning was created)
(node:94038) Warning: The 'NO_COLOR' env is ignored due to the 'FORCE_COLOR' env being set.
(Use `node --trace-warnings ...` to show where the warning was created)
(node:94039) Warning: The 'NO_COLOR' env is ignored due to the 'FORCE_COLOR' env being set.
(Use `node --trace-warnings ...` to show where the warning was created)
(node:94040) Warning: The 'NO_COLOR' env is ignored due to the 'FORCE_COLOR' env being set.
(Use `node --trace-warnings ...` to show where the warning was created)
(node:94041) Warning: The 'NO_COLOR' env is ignored due to the 'FORCE_COLOR' env being set.
(Use `node --trace-warnings ...` to show where the warning was created)
(node:94042) Warning: The 'NO_COLOR' env is ignored due to the 'FORCE_COLOR' env being set.
(Use `node --trace-warnings ...` to show where the warning was created)
(node:94043) Warning: The 'NO_COLOR' env is ignored due to the 'FORCE_COLOR' env being set.
(Use `node --trace-warnings ...` to show where the warning was created)
(node:94044) Warning: The 'NO_COLOR' env is ignored due to the 'FORCE_COLOR' env being set.
(Use `node --trace-warnings ...` to show where the warning was created)
(node:94045) Warning: The 'NO_COLOR' env is ignored due to the 'FORCE_COLOR' env being set.
(Use `node --trace-warnings ...` to show where the warning was created)
(node:94046) Warning: The 'NO_COLOR' env is ignored due to the 'FORCE_COLOR' env being set.
(Use `node --trace-warnings ...` to show where the warning was created)
(node:94047) Warning: The 'NO_COLOR' env is ignored due to the 'FORCE_COLOR' env being set.
(Use `node --trace-warnings ...` to show where the warning was created)
(node:94049) Warning: The 'NO_COLOR' env is ignored due to the 'FORCE_COLOR' env being set.
(Use `node --trace-warnings ...` to show where the warning was created)
(node:94048) Warning: The 'NO_COLOR' env is ignored due to the 'FORCE_COLOR' env being set.
(Use `node --trace-warnings ...` to show where the warning was created)
(node:94050) Warning: The 'NO_COLOR' env is ignored due to the 'FORCE_COLOR' env being set.
(Use `node --trace-warnings ...` to show where the warning was created)
(node:94053) Warning: The 'NO_COLOR' env is ignored due to the 'FORCE_COLOR' env being set.
(Use `node --trace-warnings ...` to show where the warning was created)
(node:94054) Warning: The 'NO_COLOR' env is ignored due to the 'FORCE_COLOR' env being set.
(Use `node --trace-warnings ...` to show where the warning was created)
(node:94055) Warning: The 'NO_COLOR' env is ignored due to the 'FORCE_COLOR' env being set.
(Use `node --trace-warnings ...` to show where the warning was created)
(node:94056) Warning: The 'NO_COLOR' env is ignored due to the 'FORCE_COLOR' env being set.
(Use `node --trace-warnings ...` to show where the warning was created)
(node:94057) Warning: The 'NO_COLOR' env is ignored due to the 'FORCE_COLOR' env being set.
(Use `node --trace-warnings ...` to show where the warning was created)
(node:94058) Warning: The 'NO_COLOR' env is ignored due to the 'FORCE_COLOR' env being set.
(Use `node --trace-warnings ...` to show where the warning was created)
(node:94059) Warning: The 'NO_COLOR' env is ignored due to the 'FORCE_COLOR' env being set.
(Use `node --trace-warnings ...` to show where the warning was created)
(node:94061) Warning: The 'NO_COLOR' env is ignored due to the 'FORCE_COLOR' env being set.
(Use `node --trace-warnings ...` to show where the warning was created)
(node:94062) Warning: The 'NO_COLOR' env is ignored due to the 'FORCE_COLOR' env being set.
(Use `node --trace-warnings ...` to show where the warning was created)
(node:94063) Warning: The 'NO_COLOR' env is ignored due to the 'FORCE_COLOR' env being set.
(Use `node --trace-warnings ...` to show where the warning was created)
(node:94064) Warning: The 'NO_COLOR' env is ignored due to the 'FORCE_COLOR' env being set.
(Use `node --trace-warnings ...` to show where the warning was created)
(node:94068) Warning: The 'NO_COLOR' env is ignored due to the 'FORCE_COLOR' env being set.
(Use `node --trace-warnings ...` to show where the warning was created)
(node:94074) Warning: The 'NO_COLOR' env is ignored due to the 'FORCE_COLOR' env being set.
(Use `node --trace-warnings ...` to show where the warning was created)
(node:94075) Warning: The 'NO_COLOR' env is ignored due to the 'FORCE_COLOR' env being set.
(Use `node --trace-warnings ...` to show where the warning was created)
(node:94076) Warning: The 'NO_COLOR' env is ignored due to the 'FORCE_COLOR' env being set.
(Use `node --trace-warnings ...` to show where the warning was created)
(node:94077) Warning: The 'NO_COLOR' env is ignored due to the 'FORCE_COLOR' env being set.
(Use `node --trace-warnings ...` to show where the warning was created)
(node:94078) Warning: The 'NO_COLOR' env is ignored due to the 'FORCE_COLOR' env being set.
(Use `node --trace-warnings ...` to show where the warning was created)
(node:94081) Warning: The 'NO_COLOR' env is ignored due to the 'FORCE_COLOR' env being set.
(Use `node --trace-warnings ...` to show where the warning was created)
(node:94082) Warning: The 'NO_COLOR' env is ignored due to the 'FORCE_COLOR' env being set.
(Use `node --trace-warnings ...` to show where the warning was created)
(node:94084) Warning: The 'NO_COLOR' env is ignored due to the 'FORCE_COLOR' env being set.
(Use `node --trace-warnings ...` to show where the warning was created)
(node:94085) Warning: The 'NO_COLOR' env is ignored due to the 'FORCE_COLOR' env being set.
(Use `node --trace-warnings ...` to show where the warning was created)
(node:94086) Warning: The 'NO_COLOR' env is ignored due to the 'FORCE_COLOR' env being set.
(Use `node --trace-warnings ...` to show where the warning was created)
(node:94087) Warning: The 'NO_COLOR' env is ignored due to the 'FORCE_COLOR' env being set.
(Use `node --trace-warnings ...` to show where the warning was created)
(node:94088) Warning: The 'NO_COLOR' env is ignored due to the 'FORCE_COLOR' env being set.
(Use `node --trace-warnings ...` to show where the warning was created)
(node:94089) Warning: The 'NO_COLOR' env is ignored due to the 'FORCE_COLOR' env being set.
(Use `node --trace-warnings ...` to show where the warning was created)

 Test Files  129 passed (129)
      Tests  2004 passed (2004)
   Start at  08:28:51
   Duration  76.88s (transform 3.82s, setup 0ms, import 21.14s, tests 268.07s, environment 6ms)

 % Coverage report from v8
-------------------|---------|----------|---------|---------|-------------------
File               | % Stmts | % Branch | % Funcs | % Lines | Uncovered Line #s 
-------------------|---------|----------|---------|---------|-------------------
All files          |   82.84 |    74.54 |   89.72 |   85.53 |                   
 src               |   64.97 |    61.02 |   75.25 |    65.7 |                   
  cli.ts           |   63.02 |    60.71 |   64.51 |   63.22 | ...3720,3756-3758 
  doctor.ts        |   73.26 |    65.51 |   89.47 |   80.23 | ...99,322-324,331 
  setupChecks.ts   |      50 |       25 |     100 |   57.14 | 43-45             
  ...orBoundary.ts |   93.93 |    88.88 |     100 |   96.15 | 59                
 src/adapters      |   83.95 |    74.49 |   91.14 |   86.09 |                   
  cliAnalysis.ts   |    85.5 |    78.54 |   94.91 |   88.19 | ...93,807,816,907 
  cliAudio.ts      |   74.62 |     60.6 |     100 |   76.66 | ...37,143,160,169 
  cliGeneration.ts |      92 |    77.77 |     100 |    91.2 | ...23,251,306,365 
  constraints.ts   |   84.53 |    77.92 |   81.48 |   86.84 | ...27,245-246,259 
  ...tKnowledge.ts |   78.37 |    69.66 |   84.31 |   82.64 | ...82,413-418,432 
  registry.ts      |   80.76 |    78.84 |     100 |   80.39 | ...74,181,188,199 
  ...yKnowledge.ts |    81.7 |    53.19 |   95.83 |   82.35 | ...21,139,281-286 
 src/agentServices |   83.99 |    78.72 |    95.5 |   86.22 |                   
  endpoint.ts      |   85.22 |    84.12 |   92.85 |   90.56 | ...53,393,401,468 
  errors.ts        |   78.57 |    59.09 |     100 |   78.57 | 57,68,79          
  mcpClient.ts     |   84.04 |       73 |   97.29 |   84.86 | ...63,377,458-460 
  policy.ts        |   65.71 |       70 |     100 |   67.64 | ...97-112,115,135 
  registry.ts      |    90.9 |    78.94 |   94.11 |   90.32 | ...-64,74,148,163 
 src/backends      |     100 |    97.14 |     100 |     100 |                   
  capabilities.ts  |     100 |    97.14 |     100 |     100 | 62                
 src/bootstrap     |   90.31 |    83.55 |   88.88 |   90.39 |                   
  index.mjs        |   90.31 |    83.55 |   88.88 |   90.39 | ...46-766,796,906 
 src/characters    |   83.16 |    71.09 |   91.04 |   86.85 |                   
  addToProject.ts  |   89.13 |    59.01 |     100 |   90.58 | ...57,170,201,262 
  ...ectSupport.ts |   79.23 |     68.8 |      92 |   83.43 | ...51,285,294,379 
  aggregate.ts     |    92.3 |    83.67 |     100 |   96.29 | 59,124            
  scan.ts          |   80.14 |     75.6 |   78.94 |   84.67 | ...86,352,374-378 
 src/cli           |   95.23 |       80 |     100 |   96.96 |                   
  ...andCatalog.ts |   95.23 |       80 |     100 |   96.96 | 563               
 src/connections   |   96.42 |       94 |     100 |   96.77 |                   
  registry.ts      |   96.42 |       94 |     100 |   96.77 | 38,45,53          
 src/feedback      |   88.45 |    80.97 |     100 |   90.25 |                   
  index.ts         |   88.45 |    80.97 |     100 |   90.25 | ...19,828,847,856 
 ...generationJobs |   85.21 |    78.51 |   86.17 |   86.37 |                   
  approval.ts      |   92.85 |    80.43 |     100 |   92.68 | 140,146,203       
  audit.ts         |   85.47 |    80.35 |   85.71 |   87.96 | ...82,290,314,326 
  download.ts      |   80.31 |    76.92 |   70.58 |   82.01 | ...49,455,459,500 
  machine.ts       |    82.4 |    74.59 |    87.5 |   82.59 | ...1136,1157,1170 
  preflight.ts     |   83.33 |      100 |      50 |   83.33 | 83                
[redacted-sensitive]
  store.ts         |   87.05 |       82 |   86.66 |      90 | ...41,284,337-338 
 src/integrations  |    85.4 |    72.88 |   97.95 |   86.12 |                   
  shitate.ts       |   89.86 |    79.65 |     100 |   91.21 | ...29,576-577,599 
  sikumiOutbox.ts  |   79.08 |    63.41 |    92.3 |   78.72 | ...39,456,475-497 
 src/manifest      |   93.37 |    89.65 |   94.44 |   95.56 |                   
  assets.ts        |      92 |     87.5 |     100 |   93.87 | 39-40,113         
  ...Dimensions.ts |   88.88 |     62.5 |     100 |   94.11 | 29                
  validate.ts      |   93.97 |    93.42 |   91.66 |    96.1 | 61,82,155         
 src/orchestrator  |    83.1 |    73.02 |   90.78 |   85.22 |                   
  analyze.ts       |   89.89 |    83.67 |   94.44 |   92.85 | ...54-159,176,225 
  compose.ts       |   78.09 |    55.38 |   89.47 |   81.91 | ...71,280,294,315 
  ...ionCompile.ts |   94.77 |     90.9 |   93.54 |   96.42 | ...05,499-500,516 
  ...onProposal.ts |   87.98 |    80.36 |   98.75 |    88.7 | ...14,735-741,917 
  ...ialCompile.ts |   94.22 |    83.41 |     100 |   95.97 | ...58,415,570-572 
  ...alProposal.ts |     100 |    94.73 |     100 |     100 | 100               
  finalize.ts      |    92.2 |     73.6 |   91.66 |   92.08 | ...73,420,473,545 
  ...ApplyEmpty.ts |    97.5 |       85 |     100 |    97.5 | 98                
  ...tingCommit.ts |   96.15 |     87.5 |     100 |   96.07 | 84,116            
  ...ingFailure.ts |   85.71 |    66.66 |   46.15 |    93.1 | 215,226,264-265   
  ...gPreflight.ts |   93.33 |    91.66 |     100 |   92.85 | 62                
  ...moteRecord.ts |   98.36 |       95 |     100 |   98.36 | 84                
  ...ntinePhase.ts |   75.67 |    71.42 |     100 |      75 | 121-146           
  ...ApplyRoute.ts |   93.54 |    88.88 |     100 |   96.29 | 180               
  ...tionRecord.ts |   87.34 |    82.35 |     100 |   89.33 | ...82,472-477,488 
  ...izeJournal.ts |   89.65 |    92.17 |     100 |   93.82 | ...20,434,444,464 
  ...PathSafety.ts |   79.41 |    68.29 |     100 |      80 | ...08,355,369,380 
  ...ersistence.ts |   71.86 |    58.69 |      85 |   74.89 | ...72,713,724,749 
  ...lanHelpers.ts |   85.47 |    78.12 |     100 |   91.83 | ...88,295,306-313 
  ...ePromotion.ts |   93.33 |      100 |     100 |    92.3 | 77                
  ...Quarantine.ts |   79.54 |    77.27 |   88.88 |   82.05 | ...62,167-168,267 
  ...zeRecovery.ts |   77.13 |    69.72 |   72.22 |   79.12 | ...85,616,638,676 
  ...validation.ts |   80.45 |    71.69 |     100 |   81.48 | ...24,304,313-317 
  ...lizeShared.ts |   96.15 |    83.33 |     100 |     100 | 10-27,33          
  gate2Qc.ts       |   91.59 |    75.23 |     100 |   92.66 | ...39,269,314,329 
  gate3Qc.ts       |   92.07 |    86.66 |   95.45 |   96.59 | 285,307-308       
  ...Discipline.ts |     100 |    93.33 |     100 |     100 | 78                
  plan.ts          |   97.22 |     86.5 |     100 |   98.41 | 120               
  render.ts        |      80 |     68.8 |   92.85 |   82.03 | ...54,485-486,506 
  review.ts        |   76.61 |    66.39 |   83.33 |   78.39 | ...2253,2410,2448 
  reviewPreview.ts |   84.61 |    63.57 |     100 |    86.9 | ...12,324,341,368 
  run.ts           |   75.74 |    61.77 |   84.81 |   78.24 | ...2130,2162-2163 
  ...stMonotony.ts |   96.73 |    86.51 |     100 |     100 | ...23,186-187,194 
  ...ersistence.ts |     100 |    98.27 |     100 |     100 | 147               
  stateRunLock.ts  |   78.91 |    81.37 |   55.55 |   84.21 | ...03,308-309,350 
  ...ckIdentity.ts |   62.06 |    51.92 |      75 |   66.66 | ...91-199,210-218 
  ...kPathGuard.ts |   67.18 |    60.65 |   83.33 |   71.92 | ...06-213,220-230 
  ...ransitions.ts |   78.04 |     86.2 |     100 |   77.02 | ...70,181,189,226 
  stateTypes.ts    |     100 |       50 |     100 |     100 | 97                
 ...sonConsistency |   79.75 |    75.55 |   88.88 |   80.64 |                   
  migration.ts     |   81.01 |    77.56 |      90 |   83.33 | ...88,294,323-324 
  schema.ts        |   77.38 |    71.01 |   86.66 |   75.94 | ...32,235,254-258 
 src/platform      |   89.61 |    72.41 |   95.45 |   95.31 |                   
  fsSafe.ts        |   85.36 |    63.15 |     100 |   94.11 | 33-34             
  process.ts       |   94.28 |    76.92 |    90.9 |   96.55 | 28                
 ...ductionControl |    82.9 |    74.43 |   88.83 |   85.85 |                   
  ...vePipeline.ts |   84.21 |    69.23 |   92.85 |    83.8 | ...43,450,691-723 
  ...veRecovery.ts |    75.6 |    56.49 |   89.47 |   76.88 | ...84,888-926,982 
  ...Generation.ts |   76.88 |    52.98 |   86.95 |   77.04 | ...70,809,833,854 
  artifactStore.ts |   76.07 |    73.29 |    72.5 |   85.64 | ...81-382,389,439 
  ...ordination.ts |   72.52 |    64.06 |     100 |   73.49 | ...00,204-205,211 
  ...orityGuard.ts |   80.41 |    78.57 |   93.33 |   80.28 | ...98,608,623-626 
  canonical.ts     |   93.02 |    90.47 |     100 |      95 | 80,86             
  ...ctCompiler.ts |    94.9 |    93.43 |     100 |   97.05 | 41,97,283,337     
  ...ctRegistry.ts |   98.86 |    96.49 |     100 |     100 | 204,242           
  ...ecoveryCli.ts |   74.82 |    67.88 |   71.42 |    81.3 | ...86,603,694-718 
  ...dencyIndex.ts |   98.11 |    86.36 |     100 |     100 | 97,103-105        
  dispatcher.ts    |    91.3 |     92.5 |   85.71 |   92.85 | 58,72,85          
  ...teEvidence.ts |   76.24 |    63.75 |   82.14 |   79.04 | ...04,617,655-657 
  errors.ts        |   77.41 |       70 |      85 |   88.88 | ...46,253,264,292 
  eventStore.ts    |   79.07 |    66.88 |   70.58 |   88.77 | ...63-364,377,387 
  events.ts        |   84.37 |    75.75 |     100 |   83.87 | 34,54,61,69,72    
  ...eRetention.ts |   90.69 |    90.47 |   84.21 |   94.66 | 95,130,211,281    
  gateBundle.ts    |   84.61 |    84.11 |   96.29 |   84.25 | ...05,271,350,355 
  gateSubjects.ts  |   91.02 |    89.39 |   78.57 |   90.27 | ...,61,83,349-357 
  ...tionBridge.ts |   82.52 |    73.17 |      96 |   83.16 | ...39,445,451,470 
  grantLedger.ts   |   83.36 |    74.08 |   84.21 |    86.9 | ...1246,1251,1264 
  grantStore.ts    |   85.47 |    70.32 |   88.88 |   87.42 | ...41,445,449,458 
  invalidation.ts  |   98.11 |     87.5 |   91.66 |   97.56 | 145               
  leases.ts        |   84.61 |    84.84 |     100 |   89.18 | 33,36,70,135      
  metrics.ts       |   92.03 |    89.69 |   93.75 |   94.17 | ...21,352,446,630 
  ...ngEvidence.ts |   65.85 |    39.08 |   83.33 |    67.5 | ...65,172-173,192 
  ...ramBinding.ts |   90.24 |    91.66 |     100 |   89.74 | 39,42,45,141      
  ...Projection.ts |   94.94 |     88.8 |     100 |   94.38 | ...40,285,331,502 
  recovery.ts      |   83.77 |    78.68 |   96.42 |   83.58 | ...78,794,810,929 
  ...yContracts.ts |   86.76 |    82.35 |     100 |   86.36 | ...65,172,243,424 
  ...PathSafety.ts |   81.41 |    72.38 |     100 |   81.48 | ...07,220,224-230 
  reducer.ts       |   67.36 |     61.9 |   69.23 |   72.78 | ...17-321,357-363 
  resume.ts        |   86.07 |    69.49 |     100 |   85.33 | ...64,167,180,193 
  ...sionIntent.ts |   88.23 |       80 |     100 |   88.23 | 63,70,77,129      
  roleEnvelope.ts  |   85.71 |    76.92 |     100 |   88.23 | 42,45,48,51       
  ...eAuthority.ts |      90 |     90.9 |   83.33 |    87.5 | 62,90,106         
  schema.ts        |   90.53 |    73.43 |     100 |   90.38 | ...07,503,654-658 
  ...ersistence.ts |   75.43 |    60.74 |   66.66 |   86.23 | ...70-271,284,294 
  ...eeCompiler.ts |   86.82 |    81.15 |   94.59 |   94.44 | ...58-259,275,279 
 ...trol/contracts |   76.53 |    74.57 |   79.16 |   88.94 |                   
  asset.ts         |      76 |    71.42 |   83.33 |   80.95 | 48,52,67-68       
  ...rationUnit.ts |   76.25 |    79.77 |   93.33 |   96.29 | 80,178            
  identity.ts      |   66.66 |      100 |       0 |   66.66 | 44-48             
  lyrics.ts        |   74.74 |    65.78 |   73.68 |      84 | ...27,138,187-199 
  music.ts         |   80.59 |    78.94 |   83.33 |   94.23 | 90,93,130         
 ...ntrol/learning |   82.45 |    78.22 |   85.18 |   84.26 |                   
  candidate.ts     |   92.72 |       90 |    90.9 |   90.69 | 57,110,181,187    
  experiment.ts    |      95 |    93.47 |     100 |   94.28 | 61,158            
  ...backBridge.ts |    8.33 |        0 |       0 |      10 | 31-72             
  promotion.ts     |   84.61 |       75 |     100 |   89.58 | 52,55,65,114,255  
  ...Projection.ts |    90.9 |     92.3 |   94.11 |   93.93 | 46,130            
  ruleSet.ts       |   83.33 |       65 |   83.33 |   85.18 | 38,42,97,118      
  schema.ts        |   76.92 |    71.42 |     100 |      76 | ...36,274,297,304 
  store.ts         |   78.33 |    66.66 |      75 |   83.63 | ...09-219,225,265 
 ...tionControl/mv |    79.4 |    76.47 |    92.5 |   97.31 |                   
  composition.ts   |   81.72 |    78.77 |   93.33 |   98.57 | 344-348           
  timeline.ts      |   72.85 |    71.05 |      90 |   93.47 | 75-76,93          
 ...tionControl/rc |   84.99 |    71.98 |   83.66 |    87.4 |                   
  ...laneStatus.ts |   85.96 |    69.04 |     100 |      96 | 74,211            
  ...Capability.ts |   90.32 |    81.53 |   83.87 |   92.94 | ...73-174,231,273 
  effectLedger.ts  |   93.93 |    84.21 |    90.9 |   96.66 | 160               
  evidenceStore.ts |   90.58 |    81.32 |    90.9 |   91.94 | ...18,542,547,557 
  ...reEvidence.ts |   82.27 |    55.27 |   72.34 |    84.4 | ...1938,1968-1977 
  ...ionJournal.ts |   79.68 |    70.63 |   82.35 |   84.48 | ...13-314,325,376 
  ...chestrator.ts |   85.71 |    66.36 |   76.19 |   88.94 | ...81,490,495,605 
  ...iagnostics.ts |    88.7 |    90.47 |    87.5 |   88.67 | ...04,222,256-259 
  modeIntent.ts    |    81.1 |    68.31 |    62.5 |   86.44 | ...14,323,373-399 
  pathSafety.ts    |   93.33 |    88.23 |     100 |     100 | 30-31             
  po8Fixtures.ts   |   84.78 |    68.75 |      80 |   84.78 | ...80,284,292,313 
  readinessCli.ts  |   79.76 |    69.64 |     100 |   79.26 | 49,105-125,186    
  rehearsal.ts     |   94.28 |     82.5 |     100 |   94.28 | 162-163,211-212   
  ...eReadiness.ts |   87.05 |    84.98 |   95.83 |   87.82 | ...39-540,643-648 
  ...onBindings.ts |   85.71 |    78.78 |     100 |   85.71 | 57,61,66,76,84,92 
  ...chestrator.ts |   81.05 |    52.17 |      80 |   85.39 | ...07,210,213,301 
  ...alEvidence.ts |     100 |    70.58 |     100 |     100 | 53-78             
 ...trol/templates |   76.47 |    64.28 |   85.71 |   91.66 |                   
  mv.ts            |   76.47 |    64.28 |   85.71 |   91.66 | 54                
 src/project       |   84.74 |    78.95 |    90.1 |   88.09 |                   
  ...nationLock.ts |   82.97 |    78.14 |   82.92 |    87.6 | ...94-795,800-801 
  ...tionAssets.ts |    87.5 |    77.67 |   83.33 |   91.78 | ...86,290,297,312 
  loadProject.ts   |     100 |    83.33 |     100 |     100 | 11                
  ...tionSafety.ts |      70 |    59.37 |   66.66 |      72 | ...77-178,186-192 
  ...ransaction.ts |   80.14 |    75.96 |   83.33 |    87.4 | ...92,397,463-464 
  ...omeResolve.ts |   95.45 |    93.75 |     100 |   94.73 | 49                
  ...HomeShared.ts |   88.23 |      100 |     100 |    87.5 | 122,131           
  ...sHomeShelf.ts |   94.23 |    72.97 |   66.66 |   97.87 | 46                
  ...alIdentity.ts |   85.36 |     86.6 |     100 |    90.9 | ...44,167,244,302 
  ...PathSafety.ts |   80.53 |    77.31 |     100 |      82 | ...97,303,315-322 
  ...ersistence.ts |   77.65 |    64.81 |   85.71 |   84.14 | ...26,235,249-255 
  ...alRecovery.ts |   88.69 |    82.25 |    87.5 |   93.51 | ...87,244,351-352 
  ...rnalShared.ts |     100 |       75 |     100 |     100 | 89,106,114        
  schema.ts        |   83.83 |    83.33 |   95.65 |   85.79 | ...37,577-585,693 
  ...ateProject.ts |   88.91 |    79.77 |     100 |   89.73 | ...4,886,946,1006 
 .../mediaEvidence |   79.15 |    68.29 |   89.47 |   80.83 |                   
  evidence.ts      |   78.26 |    65.94 |   92.85 |    79.6 | ...14-725,736-737 
  extractFrames.ts |   73.07 |    72.72 |      60 |   73.07 | ...11,117-118,125 
  framePlan.ts     |   78.33 |    71.15 |     100 |      80 | ...88,131,141-143 
  schema.ts        |   81.25 |    68.75 |   83.33 |   86.04 | 70,79,117-119,205 
 ...sonConsistency |   78.88 |    68.24 |   85.71 |   80.75 |                   
  ...erContract.ts |   81.81 |    66.66 |     100 |   85.18 | 103,127-138       
  adapters.ts      |   66.66 |    60.97 |      75 |   69.91 | ...99-410,435-449 
  compile.ts       |   80.95 |    69.76 |   57.14 |   80.48 | ...07,216,264-268 
  evidence.ts      |   69.23 |    51.38 |      70 |   71.83 | ...48,215,227,254 
  external.ts      |      92 |    81.81 |     100 |      92 | 127,137           
  gateBinding.ts   |   79.42 |    79.12 |    91.3 |   80.86 | ...90,809,876,930 
  policy.ts        |   89.47 |       85 |     100 |   88.88 | 76,92             
  sampling.ts      |   88.46 |     62.5 |     100 |    90.9 | 24,30             
  schema.ts        |   83.58 |    65.85 |   66.66 |    87.3 | ...12,253,263,270 
  viewerModel.ts   |   97.05 |    55.81 |     100 |   96.66 | 189               
 ...PromptDirector |    82.5 |    75.53 |   87.26 |   85.74 |                   
  ...terDialect.ts |   90.08 |       84 |    92.3 |   94.11 | ...79,193,197,267 
  artifacts.ts     |   80.83 |    71.56 |     100 |   81.88 | ...16-724,791,813 
  assetBinding.ts  |   87.71 |    81.03 |   73.33 |   93.33 | 149,162-164       
  assetLabels.ts   |    92.3 |      100 |      60 |    92.3 | 99-106            
  blockDigests.ts  |   94.28 |     90.9 |     100 |     100 | 34,38             
  ...tionBundle.ts |   79.63 |    72.37 |   74.68 |   83.96 | ...2120,2131,2147 
  compile.ts       |   89.41 |     78.9 |     100 |   89.33 | ...6,854,867,1081 
  compileV2.ts     |   79.85 |    79.49 |   96.55 |   84.48 | ...82,688,705,739 
  ...Capability.ts |   93.44 |    91.95 |   94.11 |   92.85 | ...53,286,293,398 
  dualAuthoring.ts |   92.85 |       90 |     100 |     100 | 50                
  ...veContract.ts |   82.51 |    76.21 |    91.3 |   88.66 | ...96-501,534-537 
  ...nReadiness.ts |   96.15 |    94.44 |     100 |     100 | 98                
  ...ceResolver.ts |   55.13 |    48.95 |   58.33 |   61.05 | ...92,424,472-506 
  ...edgeBounds.ts |   87.67 |       75 |     100 |   87.14 | ...05,217,260,273 
  lineage.ts       |   78.26 |    47.05 |   66.66 |   77.27 | 69,80,91-96       
  lockBlock.ts     |   76.19 |       60 |   66.66 |   79.48 | ...,62,71,104,113 
  lockedBlocks.ts  |   97.72 |       95 |     100 |   97.43 | 120               
  modelProfile.ts  |   84.31 |    75.75 |    87.5 |   83.67 | ...60,224,247-248 
  ...etEvidence.ts |   89.53 |     88.4 |     100 |   93.15 | ...12,226,229,245 
  scenes.ts        |   86.36 |    76.47 |     100 |   92.72 | 97-98,109-110     
  schema.ts        |   87.06 |    82.14 |      95 |   86.23 | ...92,511,527,585 
  schemaV2.ts      |   82.91 |    79.87 |     100 |   93.16 | ...06,273,318,321 
  ...nticBlocks.ts |   98.59 |    91.17 |   95.83 |   98.88 | 292,442           
  ...ectResolve.ts |    87.5 |     87.5 |   66.66 |   85.71 | 33                
  upgradeV1.ts     |      80 |    82.24 |   81.81 |   78.78 | ...80-181,228-231 
  ...mptCompile.ts |    78.9 |    75.31 |   71.42 |   82.18 | ...34,981,989,997 
 ...irector/render |   90.24 |    76.87 |   93.54 |   92.51 |                   
  h3GrammarV3.ts   |   87.44 |    72.51 |    91.3 |   89.41 | ...44,400,458-465 
  ...ralHelpers.ts |   90.12 |    81.81 |   93.33 |   92.85 | 71,91-92,159,172  
  plain.ts         |   94.11 |    83.33 |     100 |     100 | 44-45,95          
  reference.ts     |   97.29 |       75 |     100 |   97.22 | 76                
  shared.ts        |   95.77 |    84.61 |     100 |     100 | ...35-137,149-179 
  skeleton.ts      |   84.09 |       74 |      80 |   83.72 | 72-77,96          
 ...tor/validation |    91.3 |    87.56 |   95.55 |   90.64 |                   
  adapterRoute.ts  |   95.55 |    96.22 |     100 |   97.43 | 198               
  h3Format.ts      |   84.54 |    72.94 |   94.73 |   83.33 | ...82-191,243,286 
  types.ts         |   85.71 |      100 |      80 |      80 | 18                
 src/viewer        |    82.7 |    77.15 |   93.27 |   85.94 |                   
  artifact.ts      |   85.14 |    75.17 |    96.2 |   90.09 | ...1247,1256,1269 
  launcher.ts      |   79.44 |       75 |    90.9 |    83.4 | ...5017,5029-5030 
  ...Characters.ts |     100 |    89.79 |     100 |     100 | ...07,238,253,273 
  ...aintenance.ts |   86.43 |    79.91 |   93.54 |   87.25 | ...1548,1576-1586 
  ...nanceTypes.ts |   91.89 |    84.81 |     100 |    93.1 | 420,460           
  ...nceCatalog.ts |   69.06 |    63.92 |      85 |   73.43 | ...04,408,412-417 
  workflow.ts      |    94.9 |    90.82 |   95.55 |   96.73 | 290,394,459-462   
  ...lowDetails.ts |   94.62 |    83.42 |     100 |   95.34 | 359,418-419,425   
 src/worktree      |   81.79 |    69.85 |   95.83 |    84.1 |                   
  deferred.ts      |   81.21 |    71.38 |   97.29 |   83.75 | ...1023,1038-1045 
  lifecycle.ts     |    82.4 |    67.82 |   94.28 |   84.48 | ...55,877,896,901 
-------------------|---------|----------|---------|---------|-------------------

=============================== Coverage summary ===============================
Statements   : 82.84% ( 25096/30294 )
Branches     : 74.54% ( 19792/26550 )
Functions    : 89.72% ( 3991/4448 )
Lines        : 85.53% ( 23196/27119 )
================================================================================
---
exit_code=0
